// Jest Snapshot v1, https://goo.gl/fbAQLP

exports[`EmailsInput snapshots Email block to match snapshot 1`] = `
<span
  class="emails-container__email-block"
>
  <span
    class="emails-container__email-block__email-text-container"
  >
    email@mail.ru
  </span>
  <span
    class="emails-container__email-block__email-remove"
  >
    <svg
      height="8"
      viewBox="0 0 8 8"
      width="8"
    >
      <path
        d="M8 0.8L7.2 0L4 3.2L0.8 0L0 0.8L3.2 4L0 7.2L0.8 8L4 4.8L7.2 8L8 7.2L4.8 4L8 0.8Z"
        fill="#050038"
      />
    </svg>
  </span>
</span>
`;

exports[`EmailsInput snapshots EmailsInput empty component to match snapshot 1`] = `
Object {
  "emailBlock": [Function],
  "emailIsValid": [Function],
  "randomEmail": [Function],
}
`;
